== 500s 149
('/api/emissions/', 'facility_id', '-1e+308', 500)
('/api/emissions/', 'facility_id', '1000000000000000000000000000000', 500)
('/api/emissions/', 'process_type', '-1e+308', 500)
('/api/emissions/', 'process_type', '[]', 500)
('/api/emissions/', 'process_type', '{}', 500)
('/api/emissions/', 'process_type', '1000000000000000000000000000000', 500)
('/api/emissions/', 'unit', '[]', 500)
('/api/emissions/', 'unit', '{}', 500)
('/api/emissions/', 'unit', '1000000000000000000000000000000', 500)
('/api/scope2', 'facility_id', "'abc'", 500)
('/api/scope2', 'facility_id', '-1e+308', 500)
('/api/scope2', 'facility_id', "'1e999'", 500)
('/api/scope2', 'facility_id', "'NaN'", 500)
('/api/scope2', 'facility_id', '1000000000000000000000000000000', 500)
('/api/scope2', 'year', '[]', 500)
('/api/scope2', 'year', '{}', 500)
('/api/scope2', 'year', '1000000000000000000000000000000', 500)
('/api/scope2', 'month', '[]', 500)
('/api/scope2', 'month', '{}', 500)
('/api/scope2', 'month', '1000000000000000000000000000000', 500)
('/api/scope2', 'electricity_kwh', "'abc'", 500)
('/api/scope2', 'electricity_kwh', 'None', 500)
('/api/scope2', 'electricity_kwh', '[]', 500)
('/api/scope2', 'electricity_kwh', '{}', 500)
('/api/scope2', 'grid_region', '[]', 500)
('/api/scope2', 'grid_region', '{}', 500)
('/api/scope2', 'grid_region', '1000000000000000000000000000000', 500)
('/api/scope3', 'facility_id', "'abc'", 500)
('/api/scope3', 'facility_id', '-1e+308', 500)
('/api/scope3', 'facility_id', "'1e999'", 500)
('/api/scope3', 'facility_id', "'NaN'", 500)
('/api/scope3', 'facility_id', '1000000000000000000000000000000', 500)
('/api/scope3', 'year', '[]', 500)
('/api/scope3', 'year', '{}', 500)
('/api/scope3', 'year', '1000000000000000000000000000000', 500)
('/api/scope3', 'month', '[]', 500)
('/api/scope3', 'month', '{}', 500)
('/api/scope3', 'month', '1000000000000000000000000000000', 500)
('/api/scope3', 'category', '[]', 500)
('/api/scope3', 'category', '{}', 500)
('/api/scope3', 'category', '1000000000000000000000000000000', 500)
('/api/scope3', 'activity_data', "'abc'", 500)
('/api/scope3', 'unit', '[]', 500)
('/api/scope3', 'unit', '{}', 500)
('/api/scope3', 'unit', '1000000000000000000000000000000', 500)
('/api/scope3', 'emission_factor', "'abc'", 500)
('/api/scope3', 'emission_factor', 'None', 500)
('/api/scope3', 'emission_factor', '[]', 500)
('/api/scope3', 'emission_factor', '{}', 500)
('/api/data/production', 'facility_id', '-1e+308', 500)
('/api/data/production', 'facility_id', '1000000000000000000000000000000', 500)
('/api/data/production', 'year', '[]', 500)
('/api/data/production', 'year', '{}', 500)
('/api/data/production', 'year', '1000000000000000000000000000000', 500)
('/api/data/production', 'month', '[]', 500)
('/api/data/production', 'month', '{}', 500)
('/api/data/production', 'month', '1000000000000000000000000000000', 500)
('/api/goals', 'year', "'abc'", 500)
('/api/goals', 'year', '-1e+308', 500)
('/api/goals', 'year', "'1e999'", 500)
('/api/goals', 'year', "'NaN'", 500)
('/api/goals', 'year', '1000000000000000000000000000000', 500)
('/api/goals', 'target_amount', "'abc'", 500)
('/api/goals', 'target_amount', '[]', 500)
('/api/goals', 'target_amount', '{}', 500)
('/api/base-years', 'year', "'abc'", 500)
('/api/base-years', 'year', '-1e+308', 500)
('/api/base-years', 'year', "'1e999'", 500)
('/api/base-years', 'year', "'NaN'", 500)
('/api/base-years', 'year', '1000000000000000000000000000000', 500)
('/api/sources', 'facility_id', '-1e+308', 500)
('/api/sources', 'facility_id', '1000000000000000000000000000000', 500)
('/api/sources', 'name', '[]', 500)
('/api/sources', 'name', '{}', 500)
('/api/sources', 'name', '1000000000000000000000000000000', 500)
('/api/sources', 'type', '[]', 500)
('/api/sources', 'type', '{}', 500)
('/api/sources', 'type', '1000000000000000000000000000000', 500)
('/api/mitigation', 'facility_id', '-1e+308', 500)
('/api/mitigation', 'facility_id', '1000000000000000000000000000000', 500)
('/api/mitigation', 'name', '1000000000000000000000000000000', 500)
('/api/mitigation', 'year', '[]', 500)
('/api/mitigation', 'year', '{}', 500)
('/api/mitigation', 'year', '1000000000000000000000000000000', 500)
('/api/mitigation', 'quantity_tco2e', "'abc'", 500)
('/api/mitigation', 'quantity_tco2e', '[]', 500)
('/api/mitigation', 'quantity_tco2e', '{}', 500)
('/api/data/ogmp-surveys', 'year', "'abc'", 500)
('/api/data/ogmp-surveys', 'year', "'1e999'", 500)
('/api/data/ogmp-surveys', 'year', 'None', 500)
('/api/data/ogmp-surveys', 'year', '[]', 500)
('/api/data/ogmp-surveys', 'year', '{}', 500)
('/api/data/ogmp-surveys', 'year', "'NaN'", 500)
('/api/data/cbam-exports', 'year', "'abc'", 500)
('/api/data/cbam-exports', 'year', "'1e999'", 500)
('/api/data/cbam-exports', 'year', 'None', 500)
('/api/data/cbam-exports', 'year', '[]', 500)
('/api/data/cbam-exports', 'year', '{}', 500)
('/api/data/cbam-exports', 'year', "'NaN'", 500)
('/api/data/cbam-exports', 'quantity_tonnes', "'abc'", 500)
('/api/facilities', 'name', '[]', 500)
('/api/facilities', 'name', '{}', 500)
('/api/facilities', 'name', '1000000000000000000000000000000', 500)
('/api/facilities', 'region', '[]', 500)
('/api/facilities', 'region', '{}', 500)
('/api/facilities', 'region', '1000000000000000000000000000000', 500)
('/api/facilities', 'latitude', "'abc'", 500)
('/api/facilities', 'latitude', '[]', 500)
('/api/facilities', 'latitude', '{}', 500)
('/api/facilities', 'longitude', "'abc'", 500)
('/api/facilities', 'longitude', '[]', 500)
('/api/facilities', 'longitude', '{}', 500)
('/api/custom-factors', 'name', '-1e+308', 500)
('/api/custom-factors', 'name', '1000000000000000000000000000000', 500)
('/api/custom-factors', 'unit', '-1e+308', 500)
('/api/custom-factors', 'unit', '1000000000000000000000000000000', 500)
('/api/reporting-metadata', 'year', "'abc'", 500)
('/api/reporting-metadata', 'year', '-1e+308', 500)
('/api/reporting-metadata', 'year', "'1e999'", 500)
('/api/reporting-metadata', 'year', "'NaN'", 500)
('/api/reporting-metadata', 'year', '1000000000000000000000000000000', 500)
('/api/cap/emissions', 'facility_id', "'abc'", 500)
('/api/cap/emissions', 'facility_id', '-1e+308', 500)
('/api/cap/emissions', 'facility_id', "'1e999'", 500)
('/api/cap/emissions', 'facility_id', "'NaN'", 500)
('/api/cap/emissions', 'facility_id', '1000000000000000000000000000000', 500)
('/api/cap/emissions', 'year', "'abc'", 500)
('/api/cap/emissions', 'year', '-1e+308', 500)
('/api/cap/emissions', 'year', "'1e999'", 500)
('/api/cap/emissions', 'year', "'NaN'", 500)
('/api/cap/emissions', 'year', '1000000000000000000000000000000', 500)
('/api/cap/emissions', 'source_module', '1000000000000000000000000000000', 500)
('/api/cap/emissions', 'pollutant', '1000000000000000000000000000000', 500)
('/api/cap/emissions', 'mass_tonnes', "'abc'", 500)
('/api/cap/emissions', 'mass_tonnes', "'NaN'", 500)
('/api/equity/shares', 'facility_id', "'abc'", 500)
('/api/equity/shares', 'facility_id', '-1e+308', 500)
('/api/equity/shares', 'facility_id', "'1e999'", 500)
('/api/equity/shares', 'facility_id', "'NaN'", 500)
('/api/equity/shares', 'facility_id', '1000000000000000000000000000000', 500)
('/api/equity/shares', 'partner_id', "'abc'", 500)
('/api/equity/shares', 'partner_id', '-1e+308', 500)
('/api/equity/shares', 'partner_id', "'1e999'", 500)
('/api/equity/shares', 'partner_id', "'NaN'", 500)
('/api/equity/shares', 'partner_id', '1000000000000000000000000000000', 500)
('/api/equity/shares', 'equity_share_pct', "'abc'", 500)
('/api/equity/shares', 'equity_share_pct', '[]', 500)
('/api/equity/shares', 'equity_share_pct', '{}', 500)
('/api/equity/shares', 'equity_share_pct', "'NaN'", 500)
== leaks 71
('/api/emissions/', 'process_type', '[]', 500, '{"error":"Failed to record emission: (sqlite3.ProgrammingError) Error binding parameter 7: type \'list\' is not supported\\n[SQL: INSERT INTO emissions (record_id,')
('/api/emissions/', 'process_type', '{}', 500, '{"error":"Failed to record emission: (sqlite3.ProgrammingError) Error binding parameter 7: type \'dict\' is not supported\\n[SQL: INSERT INTO emissions (record_id,')
('/api/emissions/', 'unit', '[]', 500, '{"error":"Failed to record emission: (sqlite3.ProgrammingError) Error binding parameter 10: type \'list\' is not supported\\n[SQL: INSERT INTO emissions (record_id')
('/api/emissions/', 'unit', '{}', 500, '{"error":"Failed to record emission: (sqlite3.ProgrammingError) Error binding parameter 10: type \'dict\' is not supported\\n[SQL: INSERT INTO emissions (record_id')
('/api/emissions/', 'unit', '1000000000000000000000000000000', 500, '{"error":"Failed to record emission: Python int too large to convert to SQLite INTEGER"}\n')
('/api/scope2', 'facility_id', "'abc'", 500, '{"error":"Failed to create Scope 2 emission: (sqlite3.IntegrityError) FOREIGN KEY constraint failed\\n[SQL: INSERT INTO scope2_emissions (facility_id, year, mont')
('/api/scope2', 'facility_id', '-1e+308', 500, '{"error":"Failed to create Scope 2 emission: (sqlite3.IntegrityError) FOREIGN KEY constraint failed\\n[SQL: INSERT INTO scope2_emissions (facility_id, year, mont')
('/api/scope2', 'facility_id', "'1e999'", 500, '{"error":"Failed to create Scope 2 emission: (sqlite3.IntegrityError) FOREIGN KEY constraint failed\\n[SQL: INSERT INTO scope2_emissions (facility_id, year, mont')
('/api/scope2', 'facility_id', "'NaN'", 500, '{"error":"Failed to create Scope 2 emission: (sqlite3.IntegrityError) FOREIGN KEY constraint failed\\n[SQL: INSERT INTO scope2_emissions (facility_id, year, mont')
('/api/scope2', 'facility_id', '1000000000000000000000000000000', 500, '{"error":"Failed to create Scope 2 emission: Python int too large to convert to SQLite INTEGER"}\n')
('/api/scope2', 'year', '[]', 500, '{"error":"Failed to create Scope 2 emission: (sqlite3.ProgrammingError) Error binding parameter 2: type \'list\' is not supported\\n[SQL: INSERT INTO scope2_emissi')
('/api/scope2', 'year', '{}', 500, '{"error":"Failed to create Scope 2 emission: (sqlite3.ProgrammingError) Error binding parameter 2: type \'dict\' is not supported\\n[SQL: INSERT INTO scope2_emissi')
('/api/scope2', 'year', '1000000000000000000000000000000', 500, '{"error":"Failed to create Scope 2 emission: Python int too large to convert to SQLite INTEGER"}\n')
('/api/scope2', 'month', '[]', 500, '{"error":"Failed to create Scope 2 emission: (sqlite3.ProgrammingError) Error binding parameter 3: type \'list\' is not supported\\n[SQL: INSERT INTO scope2_emissi')
('/api/scope2', 'month', '{}', 500, '{"error":"Failed to create Scope 2 emission: (sqlite3.ProgrammingError) Error binding parameter 3: type \'dict\' is not supported\\n[SQL: INSERT INTO scope2_emissi')
('/api/scope2', 'month', '1000000000000000000000000000000', 500, '{"error":"Failed to create Scope 2 emission: Python int too large to convert to SQLite INTEGER"}\n')
('/api/scope2', 'grid_region', '[]', 500, '{"error":"Failed to create Scope 2 emission: (sqlite3.ProgrammingError) Error binding parameter 14: type \'list\' is not supported\\n[SQL: INSERT INTO scope2_emiss')
('/api/scope2', 'grid_region', '{}', 500, '{"error":"Failed to create Scope 2 emission: (sqlite3.ProgrammingError) Error binding parameter 14: type \'dict\' is not supported\\n[SQL: INSERT INTO scope2_emiss')
('/api/scope2', 'grid_region', '1000000000000000000000000000000', 500, '{"error":"Failed to create Scope 2 emission: Python int too large to convert to SQLite INTEGER"}\n')
('/api/scope3', 'facility_id', "'abc'", 500, '{"error":"Failed to create Scope 3 emission: (sqlite3.IntegrityError) FOREIGN KEY constraint failed\\n[SQL: INSERT INTO scope3_emissions (facility_id, year, mont')
('/api/scope3', 'facility_id', '-1e+308', 500, '{"error":"Failed to create Scope 3 emission: (sqlite3.IntegrityError) FOREIGN KEY constraint failed\\n[SQL: INSERT INTO scope3_emissions (facility_id, year, mont')
('/api/scope3', 'facility_id', "'1e999'", 500, '{"error":"Failed to create Scope 3 emission: (sqlite3.IntegrityError) FOREIGN KEY constraint failed\\n[SQL: INSERT INTO scope3_emissions (facility_id, year, mont')
('/api/scope3', 'facility_id', "'NaN'", 500, '{"error":"Failed to create Scope 3 emission: (sqlite3.IntegrityError) FOREIGN KEY constraint failed\\n[SQL: INSERT INTO scope3_emissions (facility_id, year, mont')
('/api/scope3', 'facility_id', '1000000000000000000000000000000', 500, '{"error":"Failed to create Scope 3 emission: Python int too large to convert to SQLite INTEGER"}\n')
('/api/scope3', 'year', '[]', 500, '{"error":"Failed to create Scope 3 emission: (sqlite3.ProgrammingError) Error binding parameter 2: type \'list\' is not supported\\n[SQL: INSERT INTO scope3_emissi')
('/api/scope3', 'year', '{}', 500, '{"error":"Failed to create Scope 3 emission: (sqlite3.ProgrammingError) Error binding parameter 2: type \'dict\' is not supported\\n[SQL: INSERT INTO scope3_emissi')
('/api/scope3', 'year', '1000000000000000000000000000000', 500, '{"error":"Failed to create Scope 3 emission: Python int too large to convert to SQLite INTEGER"}\n')
('/api/scope3', 'month', '[]', 500, '{"error":"Failed to create Scope 3 emission: (sqlite3.ProgrammingError) Error binding parameter 3: type \'list\' is not supported\\n[SQL: INSERT INTO scope3_emissi')
('/api/scope3', 'month', '{}', 500, '{"error":"Failed to create Scope 3 emission: (sqlite3.ProgrammingError) Error binding parameter 3: type \'dict\' is not supported\\n[SQL: INSERT INTO scope3_emissi')
('/api/scope3', 'month', '1000000000000000000000000000000', 500, '{"error":"Failed to create Scope 3 emission: Python int too large to convert to SQLite INTEGER"}\n')
('/api/scope3', 'category', '[]', 500, '{"error":"Failed to create Scope 3 emission: (sqlite3.ProgrammingError) Error binding parameter 4: type \'list\' is not supported\\n[SQL: INSERT INTO scope3_emissi')
('/api/scope3', 'category', '{}', 500, '{"error":"Failed to create Scope 3 emission: (sqlite3.ProgrammingError) Error binding parameter 4: type \'dict\' is not supported\\n[SQL: INSERT INTO scope3_emissi')
('/api/scope3', 'category', '1000000000000000000000000000000', 500, '{"error":"Failed to create Scope 3 emission: Python int too large to convert to SQLite INTEGER"}\n')
('/api/scope3', 'unit', '[]', 500, '{"error":"Failed to create Scope 3 emission: (sqlite3.ProgrammingError) Error binding parameter 7: type \'list\' is not supported\\n[SQL: INSERT INTO scope3_emissi')
('/api/scope3', 'unit', '{}', 500, '{"error":"Failed to create Scope 3 emission: (sqlite3.ProgrammingError) Error binding parameter 7: type \'dict\' is not supported\\n[SQL: INSERT INTO scope3_emissi')
('/api/scope3', 'unit', '1000000000000000000000000000000', 500, '{"error":"Failed to create Scope 3 emission: Python int too large to convert to SQLite INTEGER"}\n')
('/api/data/production', 'year', 'None', 409, '{"error":"Concurrency conflict: (sqlite3.IntegrityError) NOT NULL constraint failed: production_data.year\\n[SQL: INSERT INTO production_data (facility_id, month')
('/api/data/production', 'month', 'None', 409, '{"error":"Concurrency conflict: (sqlite3.IntegrityError) NOT NULL constraint failed: production_data.month\\n[SQL: INSERT INTO production_data (facility_id, mont')
('/api/goals', 'year', "'abc'", 500, '{"error":"invalid literal for int() with base 10: \'abc\'"}\n')
('/api/goals', 'year', '-1e+308', 500, '{"error":"Python int too large to convert to SQLite INTEGER"}\n')
('/api/goals', 'year', "'1e999'", 500, '{"error":"invalid literal for int() with base 10: \'1e999\'"}\n')
('/api/goals', 'year', "'NaN'", 500, '{"error":"invalid literal for int() with base 10: \'NaN\'"}\n')
('/api/goals', 'year', '1000000000000000000000000000000', 500, '{"error":"Python int too large to convert to SQLite INTEGER"}\n')
('/api/goals', 'target_amount', "'abc'", 500, '{"error":"could not convert string to float: \'abc\'"}\n')
('/api/base-years', 'year', "'abc'", 500, '{"error":"invalid literal for int() with base 10: \'abc\'"}\n')
('/api/base-years', 'year', '-1e+308', 500, '{"error":"Python int too large to convert to SQLite INTEGER"}\n')
('/api/base-years', 'year', "'1e999'", 500, '{"error":"invalid literal for int() with base 10: \'1e999\'"}\n')
('/api/base-years', 'year', "'NaN'", 500, '{"error":"invalid literal for int() with base 10: \'NaN\'"}\n')
('/api/base-years', 'year', '1000000000000000000000000000000', 500, '{"error":"Python int too large to convert to SQLite INTEGER"}\n')
('/api/sources', 'facility_id', '-1e+308', 500, '{"error":"Failed to add source: Python int too large to convert to SQLite INTEGER"}\n')
('/api/sources', 'facility_id', '1000000000000000000000000000000', 500, '{"error":"Failed to add source: Python int too large to convert to SQLite INTEGER"}\n')
('/api/sources', 'name', '[]', 500, '{"error":"Failed to add source: (sqlite3.ProgrammingError) Error binding parameter 2: type \'list\' is not supported\\n[SQL: INSERT INTO emission_sources (facility')
('/api/sources', 'name', '{}', 500, '{"error":"Failed to add source: (sqlite3.ProgrammingError) Error binding parameter 2: type \'dict\' is not supported\\n[SQL: INSERT INTO emission_sources (facility')
('/api/sources', 'name', '1000000000000000000000000000000', 500, '{"error":"Failed to add source: Python int too large to convert to SQLite INTEGER"}\n')
('/api/sources', 'type', '[]', 500, '{"error":"Failed to add source: (sqlite3.ProgrammingError) Error binding parameter 3: type \'list\' is not supported\\n[SQL: INSERT INTO emission_sources (facility')
('/api/sources', 'type', '{}', 500, '{"error":"Failed to add source: (sqlite3.ProgrammingError) Error binding parameter 3: type \'dict\' is not supported\\n[SQL: INSERT INTO emission_sources (facility')
('/api/sources', 'type', '1000000000000000000000000000000', 500, '{"error":"Failed to add source: Python int too large to convert to SQLite INTEGER"}\n')
('/api/mitigation', 'facility_id', '-1e+308', 500, '{"error":"Failed to add mitigation project: Python int too large to convert to SQLite INTEGER"}\n')
('/api/mitigation', 'facility_id', '1000000000000000000000000000000', 500, '{"error":"Failed to add mitigation project: Python int too large to convert to SQLite INTEGER"}\n')
('/api/mitigation', 'name', '1000000000000000000000000000000', 500, '{"error":"Failed to add mitigation project: Python int too large to convert to SQLite INTEGER"}\n')
('/api/mitigation', 'year', '[]', 500, '{"error":"Failed to add mitigation project: (sqlite3.ProgrammingError) Error binding parameter 3: type \'list\' is not supported\\n[SQL: INSERT INTO mitigation_pro')
('/api/mitigation', 'year', '{}', 500, '{"error":"Failed to add mitigation project: (sqlite3.ProgrammingError) Error binding parameter 3: type \'dict\' is not supported\\n[SQL: INSERT INTO mitigation_pro')
('/api/mitigation', 'year', '1000000000000000000000000000000', 500, '{"error":"Failed to add mitigation project: Python int too large to convert to SQLite INTEGER"}\n')
('/api/mitigation', 'quantity_tco2e', "'abc'", 500, '{"error":"Failed to add mitigation project: (builtins.ValueError) could not convert string to float: \'abc\'\\n[SQL: INSERT INTO mitigation_projects (name, project')
('/api/mitigation', 'quantity_tco2e', '[]', 500, '{"error":"Failed to add mitigation project: (builtins.TypeError) float() argument must be a string or a real number, not \'list\'\\n[SQL: INSERT INTO mitigation_pr')
('/api/mitigation', 'quantity_tco2e', '{}', 500, '{"error":"Failed to add mitigation project: (builtins.TypeError) float() argument must be a string or a real number, not \'dict\'\\n[SQL: INSERT INTO mitigation_pr')
('/api/data/cbam-exports', 'year', "'abc'", 500, '{"error":"invalid literal for int() with base 10: \'abc\'"}\n')
('/api/data/cbam-exports', 'year', "'1e999'", 500, '{"error":"invalid literal for int() with base 10: \'1e999\'"}\n')
('/api/data/cbam-exports', 'year', 'None', 500, '{"error":"int() argument must be a string, a bytes-like object or a real number, not \'NoneType\'"}\n')
('/api/data/cbam-exports', 'year', "'NaN'", 500, '{"error":"invalid literal for int() with base 10: \'NaN\'"}\n')
('/api/data/cbam-exports', 'quantity_tonnes', "'abc'", 500, '{"error":"could not convert string to float: \'abc\'"}\n')
== accepted nonfinite/huge 112
('/api/emissions/', 'process_type', "'1e999'", 201)
('/api/emissions/', 'process_type', "'NaN'", 201)
('/api/emissions/', 'fuel_type', '-1e+308', 201)
('/api/emissions/', 'fuel_type', "'1e999'", 201)
('/api/emissions/', 'fuel_type', "'NaN'", 201)
('/api/emissions/', 'fuel_type', '1000000000000000000000000000000', 201)
('/api/emissions/', 'quantity', '1000000000000000000000000000000', 201)
('/api/emissions/', 'unit', '-1e+308', 201)
('/api/emissions/', 'unit', "'1e999'", 201)
('/api/emissions/', 'unit', "'NaN'", 201)
('/api/scope2', 'year', '-1e+308', 201)
('/api/scope2', 'year', "'1e999'", 201)
('/api/scope2', 'year', "'NaN'", 201)
('/api/scope2', 'month', '-1e+308', 201)
('/api/scope2', 'month', "'1e999'", 201)
('/api/scope2', 'month', "'NaN'", 201)
('/api/scope2', 'electricity_kwh', '-1e+308', 201)
('/api/scope2', 'electricity_kwh', "'1e999'", 201)
('/api/scope2', 'electricity_kwh', "'NaN'", 201)
('/api/scope2', 'electricity_kwh', '1000000000000000000000000000000', 201)
('/api/scope2', 'grid_region', '-1e+308', 201)
('/api/scope2', 'grid_region', "'1e999'", 201)
('/api/scope2', 'grid_region', "'NaN'", 201)
('/api/scope3', 'year', '-1e+308', 201)
('/api/scope3', 'year', "'1e999'", 201)
('/api/scope3', 'year', "'NaN'", 201)
('/api/scope3', 'month', '-1e+308', 201)
('/api/scope3', 'month', "'1e999'", 201)
('/api/scope3', 'month', "'NaN'", 201)
('/api/scope3', 'category', '-1e+308', 201)
('/api/scope3', 'category', "'1e999'", 201)
('/api/scope3', 'category', "'NaN'", 201)
('/api/scope3', 'activity_data', '-1e+308', 201)
('/api/scope3', 'activity_data', "'1e999'", 201)
('/api/scope3', 'activity_data', "'NaN'", 201)
('/api/scope3', 'activity_data', '1000000000000000000000000000000', 201)
('/api/scope3', 'unit', '-1e+308', 201)
('/api/scope3', 'unit', "'1e999'", 201)
('/api/scope3', 'unit', "'NaN'", 201)
('/api/scope3', 'emission_factor', '-1e+308', 201)
('/api/scope3', 'emission_factor', "'1e999'", 201)
('/api/scope3', 'emission_factor', "'NaN'", 201)
('/api/scope3', 'emission_factor', '1000000000000000000000000000000', 201)
('/api/data/production', 'year', '-1e+308', 201)
('/api/data/production', 'year', "'1e999'", 201)
('/api/data/production', 'year', "'NaN'", 201)
('/api/data/production', 'month', '-1e+308', 201)
('/api/data/production', 'month', "'1e999'", 201)
('/api/data/production', 'month', "'NaN'", 201)
('/api/data/production', 'oil_amount', "'1e999'", 201)
('/api/data/production', 'oil_amount', "'NaN'", 201)
('/api/data/production', 'oil_amount', '1000000000000000000000000000000', 201)
('/api/data/production', 'gas_amount', "'1e999'", 201)
('/api/data/production', 'gas_amount', "'NaN'", 201)
('/api/data/production', 'gas_amount', '1000000000000000000000000000000', 201)
('/api/goals', 'target_amount', '-1e+308', 200)
('/api/goals', 'target_amount', "'1e999'", 200)
('/api/goals', 'target_amount', "'NaN'", 200)
('/api/goals', 'target_amount', '1000000000000000000000000000000', 200)
('/api/base-years', 'reason', '-1e+308', 201)
('/api/base-years', 'reason', "'1e999'", 201)
('/api/base-years', 'reason', "'NaN'", 201)
('/api/base-years', 'reason', '1000000000000000000000000000000', 201)
('/api/sources', 'name', '-1e+308', 201)
('/api/sources', 'name', "'1e999'", 201)
('/api/sources', 'name', "'NaN'", 201)
('/api/sources', 'type', '-1e+308', 201)
('/api/sources', 'type', "'1e999'", 201)
('/api/sources', 'type', "'NaN'", 201)
('/api/mitigation', 'name', '-1e+308', 201)
('/api/mitigation', 'name', "'1e999'", 201)
('/api/mitigation', 'name', "'NaN'", 201)
('/api/mitigation', 'year', '-1e+308', 201)
('/api/mitigation', 'year', "'1e999'", 201)
('/api/mitigation', 'year', "'NaN'", 201)
('/api/mitigation', 'quantity_tco2e', '-1e+308', 201)
('/api/mitigation', 'quantity_tco2e', "'1e999'", 201)
('/api/mitigation', 'quantity_tco2e', "'NaN'", 201)
('/api/mitigation', 'quantity_tco2e', '1000000000000000000000000000000', 201)
('/api/facilities', 'name', '-1e+308', 201)
('/api/facilities', 'name', "'1e999'", 201)
('/api/facilities', 'name', "'NaN'", 201)
('/api/facilities', 'region', '-1e+308', 201)
('/api/facilities', 'region', "'1e999'", 201)
('/api/facilities', 'region', "'NaN'", 201)
('/api/facilities', 'latitude', '-1e+308', 201)
('/api/facilities', 'latitude', "'1e999'", 201)
('/api/facilities', 'latitude', "'NaN'", 201)
('/api/facilities', 'latitude', '1000000000000000000000000000000', 201)
('/api/facilities', 'longitude', '-1e+308', 201)
('/api/facilities', 'longitude', "'1e999'", 201)
('/api/facilities', 'longitude', "'NaN'", 201)
('/api/facilities', 'longitude', '1000000000000000000000000000000', 201)
('/api/custom-factors', 'name', "'1e999'", 201)
('/api/custom-factors', 'name', "'NaN'", 201)
('/api/custom-factors', 'co2_factor', "'1e999'", 201)
('/api/custom-factors', 'co2_factor', "'NaN'", 201)
('/api/custom-factors', 'co2_factor', '1000000000000000000000000000000', 201)
('/api/custom-factors', 'unit', "'1e999'", 201)
('/api/custom-factors', 'unit', "'NaN'", 201)
('/api/cap/emissions', 'source_module', '-1e+308', 200)
('/api/cap/emissions', 'source_module', "'1e999'", 200)
('/api/cap/emissions', 'source_module', "'NaN'", 200)
('/api/cap/emissions', 'pollutant', '-1e+308', 200)
('/api/cap/emissions', 'pollutant', "'1e999'", 200)
('/api/cap/emissions', 'pollutant', "'NaN'", 200)
('/api/cap/emissions', 'mass_tonnes', '-1e+308', 200)
('/api/cap/emissions', 'mass_tonnes', "'1e999'", 200)
('/api/cap/emissions', 'mass_tonnes', '1000000000000000000000000000000', 200)
('/api/equity/shares', 'equity_share_pct', '-1e+308', 200)
('/api/equity/shares', 'equity_share_pct', "'1e999'", 200)
('/api/equity/shares', 'equity_share_pct', '1000000000000000000000000000000', 200)
